
================================================================================
COMPREHENSIVE XGBOOST PREDICTION TEST
================================================================================
Testing 25 vessels with 4 sequence lengths each
Total tests: 100

Running tests...

[1/25] LOVELY DADDY
python : Traceback (most recent call last):
At line:1 char:25
+ ... -Seconds 3; python comprehensive_test_real_predictions.py 2>&1 | Tee- ...
+                 ~~~~~~~~~~~~~~~~~~~~~~~~~~~~~~~~~~~~~~~~~~~~~~~~~~
    + CategoryInfo          : NotSpecified: (Traceback (most recent call last)::String) [], Re 
   moteException
    + FullyQualifiedErrorId : NativeCommandError
 
  File "F:\Maritime_NLU\comprehensive_test_real_predictions.py", line 66, in <module>
    print(f"  \u2705 REAL (seq={seq_len}): LAT={data['predicted_lat']:.4f}, 
LON={data['predicted_lon']:.4f}")
  File "C:\Users\amans\AppData\Local\Programs\Python\Python310\lib\encodings\cp1252.py", line 
19, in encode
    return codecs.charmap_encode(input,self.errors,encoding_table)[0]
UnicodeEncodeError: 'charmap' codec can't encode character '\u2705' in position 2: character 
maps to <undefined>

During handling of the above exception, another exception occurred:

Traceback (most recent call last):
  File "F:\Maritime_NLU\comprehensive_test_real_predictions.py", line 87, in <module>
    print(f"  \u274c Exception (seq={seq_len}): {error_msg}")
  File "C:\Users\amans\AppData\Local\Programs\Python\Python310\lib\encodings\cp1252.py", line 
19, in encode
    return codecs.charmap_encode(input,self.errors,encoding_table)[0]
UnicodeEncodeError: 'charmap' codec can't encode character '\u274c' in position 2: character 
maps to <undefined>
